This is pdfTeX, Version 3.14159265-2.6-1.40.20 (TeX Live 2019/Debian) (preloaded format=pdflatex 2024.3.28)  11 DEC 2024 16:22
entering extended mode
 restricted \write18 enabled.
 %&-line parsing enabled.
**ch1/ch1_main
(./ch1/ch1_main.tex
LaTeX2e <2020-02-02> patch level 2
L3 programming layer <2020-02-14>
\c@counterboxspe=\count167
\c@counterboxspetosave=\count168
\c@Biogeochemistry=\count169
\c@KeyDefinitions=\count170
\c@ESMsScenarios=\count171
\c@alkalinity=\count172
\c@ComputingCO=\count173
\c@Carbonpump=\count174
\c@Plankton=\count175
\c@Calcifiers=\count176
\c@EffectOnAlk=\count177
\c@Buffer=\count178
\c@Ecosystems=\count179
\c@CalcifiersImpactsOA=\count180
\c@ClimateFeedbackTippingPoint=\count181
\c@LysoclineCCD=\count182
\c@counterchapter=\count183

! Undefined control sequence.
l.52 \chapter
             {Introduction}\label{chap1}
? ^^X
Type <return> to proceed, S to scroll future error messages,
R to run without stopping, Q to run quietly,
I to insert something, E to edit your file,
1 or ... or 9 to ignore the next 1 to 9 tokens of input,
H for help, X to quit.
? 
! Emergency stop.
l.52 \chapter
             {Introduction}\label{chap1}
End of file on the terminal!

 
Here is how much of TeX's memory you used:
 85 strings out of 483107
 1463 string characters out of 5964630
 231847 words of memory out of 5000000
 15210 multiletter control sequences out of 15000+600000
 532338 words of font info for 24 fonts, out of 8000000 for 9000
 59 hyphenation exceptions out of 8191
 12i,0n,15p,112b,8s stack positions out of 5000i,500n,10000p,200000b,80000s
!  ==> Fatal error occurred, no output PDF file produced!
