This is pdfTeX, Version 3.141592653-2.6-1.40.25 (TeX Live 2023) (preloaded format=pdflatex 2023.8.22)  10 AUG 2025 20:24
entering extended mode
 restricted \write18 enabled.
 %&-line parsing enabled.
**main.tex
(/usr/local/texlive/2023/texmf-dist/tex/latex/tools/q.tex
LaTeX2e <2023-06-01> patch level 1
L3 programming layer <2023-08-11>
File ignored
)
! Emergency stop.
<*> main.tex
            
*** (job aborted, no legal \end found)

 
Here is how much of TeX's memory you used:
 19 strings out of 475189
 515 string characters out of 5763838
 1916254 words of memory out of 5000000
 21407 multiletter control sequences out of 15000+600000
 558069 words of font info for 36 fonts, out of 8000000 for 9000
 1141 hyphenation exceptions out of 8191
 13i,0n,12p,88b,9s stack positions out of 10000i,1000n,20000p,200000b,200000s
!  ==> Fatal error occurred, no output PDF file produced!
